 Image episode-4-outbox-app Building 
 Image episode-4-outbox-relay Building 
 Image episode-4-outbox-orders Building 
 Image episode-4-outbox-processor Building 
 Image episode-4-outbox-worker-1 Building 
 Image episode-4-outbox-worker-2 Building 
#1 [internal] load local bake definitions
#1 reading from stdin 3.33kB done
#1 DONE 0.0s

#2 [worker-1 internal] load build definition from Dockerfile
#2 transferring dockerfile: 200B done
#2 DONE 0.0s

#3 [processor internal] load build definition from Dockerfile
#3 transferring dockerfile: 273B done
#3 DONE 0.0s

#4 [orders internal] load build definition from Dockerfile
#4 transferring dockerfile: 273B done
#4 DONE 0.0s

#5 [relay internal] load build definition from Dockerfile
#5 transferring dockerfile: 200B done
#5 DONE 0.0s

#6 [app internal] load build definition from Dockerfile
#6 transferring dockerfile: 277B done
#6 DONE 0.0s

#7 [app internal] load metadata for docker.io/library/python:3.12-slim
#7 DONE 1.0s

#8 [app internal] load .dockerignore
#8 transferring context: 2B done
#8 DONE 0.0s

#9 [processor internal] load .dockerignore
#9 transferring context: 2B done
#9 DONE 0.0s

#10 [relay internal] load .dockerignore
#10 transferring context: 2B done
#10 DONE 0.0s

#11 [worker-1 internal] load .dockerignore
#11 transferring context: 2B done
#11 DONE 0.0s

#12 [orders internal] load .dockerignore
#12 transferring context: 2B done
#12 DONE 0.0s

#13 [orders 1/5] FROM docker.io/library/python:3.12-slim@sha256:78387bc3881b8273120a12ebe6c1ab22b018ccc2c9adf565ae1ac9b536e184ea
#13 resolve docker.io/library/python:3.12-slim@sha256:78387bc3881b8273120a12ebe6c1ab22b018ccc2c9adf565ae1ac9b536e184ea done
#13 DONE 0.0s

#14 [app internal] load build context
#14 transferring context: 157B done
#14 DONE 0.0s

#15 [processor internal] load build context
#15 transferring context: 64B done
#15 DONE 0.0s

#16 [relay internal] load build context
#16 transferring context: 64B done
#16 DONE 0.0s

#17 [worker-1 internal] load build context
#17 transferring context: 65B done
#17 DONE 0.0s

#18 [relay 4/5] RUN pip install --no-cache-dir -r requirements.txt
#18 CACHED

#19 [relay 3/5] COPY requirements.txt .
#19 CACHED

#20 [relay 5/5] COPY main.py .
#20 CACHED

#21 [processor 4/5] RUN pip install --no-cache-dir -r requirements.txt
#21 CACHED

#22 [processor 3/5] COPY requirements.txt .
#22 CACHED

#23 [processor 5/5] COPY main.py .
#23 CACHED

#24 [worker-2 4/5] RUN pip install --no-cache-dir -r requirements.txt
#24 CACHED

#25 [worker-2 3/5] COPY requirements.txt .
#25 CACHED

#26 [worker-2 5/5] COPY main.py .
#26 CACHED

#27 [app 3/5] COPY requirements.txt .
#27 CACHED

#28 [app 4/5] RUN pip install --no-cache-dir -r requirements.txt
#28 CACHED

#29 [app 5/5] COPY app ./app
#29 CACHED

#30 [orders internal] load build context
#30 transferring context: 64B done
#30 DONE 0.0s

#31 [orders 4/5] RUN pip install --no-cache-dir -r requirements.txt
#31 CACHED

#32 [orders 3/5] COPY requirements.txt .
#32 CACHED

#33 [orders 2/5] WORKDIR /srv
#33 CACHED

#34 [orders 5/5] COPY main.py .
#34 CACHED

#35 [relay] exporting to image
#35 exporting layers done
#35 writing image sha256:8e9e9fd365d5e0864048fdcd90c6649de0a532d114ae8f46893280fb87a75ad6 done
#35 naming to docker.io/library/episode-4-outbox-relay done
#35 DONE 0.0s

#36 [processor] exporting to image
#36 exporting layers done
#36 writing image sha256:614c7c87c7cbc8651a8fe325c50c8b176141b99e156839f3174e9e761db35d2d done
#36 naming to docker.io/library/episode-4-outbox-processor done
#36 DONE 0.0s

#37 [worker-2] exporting to image
#37 exporting layers done
#37 writing image sha256:e5db8048a530d4ed51eb19936f151fa16b46e5d1bd44247e6e7791b94d3ff799 done
#37 naming to docker.io/library/episode-4-outbox-worker-2 done
#37 DONE 0.0s

#38 [worker-1] exporting to image
#38 exporting layers done
#38 writing image sha256:63a78642071b6b5647ec6fc92e181aba51f9dff0fefba662030ba701dc629394 done
#38 naming to docker.io/library/episode-4-outbox-worker-1 done
#38 DONE 0.0s

#39 [app] exporting to image
#39 exporting layers done
#39 writing image sha256:60d13f1aa406a9710a7e61d329fa93b55e81f9c4a8716dcde369a33c8bfff2f5 done
#39 naming to docker.io/library/episode-4-outbox-app done
#39 DONE 0.0s

#40 [orders] exporting to image
#40 exporting layers done
#40 writing image sha256:08203b51814926d5da82c69986942cc3f79b659260460fe2f1a92107d1fa37b6 done
#40 naming to docker.io/library/episode-4-outbox-orders done
#40 DONE 0.0s

#41 [processor] resolving provenance for metadata file
#41 DONE 0.0s

#42 [relay] resolving provenance for metadata file
#42 DONE 0.0s

#43 [worker-1] resolving provenance for metadata file
#43 DONE 0.0s

#44 [worker-2] resolving provenance for metadata file
#44 DONE 0.0s

#45 [app] resolving provenance for metadata file
#45 DONE 0.0s

#46 [orders] resolving provenance for metadata file
#46 DONE 0.0s
 Image episode-4-outbox-worker-2 Built 
 Image episode-4-outbox-processor Built 
 Image episode-4-outbox-app Built 
 Image episode-4-outbox-orders Built 
 Image episode-4-outbox-relay Built 
 Image episode-4-outbox-worker-1 Built 
 Network episode-4-outbox_default Creating 
 Network episode-4-outbox_default Created 
 Volume episode-4-outbox_pgdata Creating 
 Volume episode-4-outbox_pgdata Created 
 Container episode-4-outbox-postgres-1 Creating 
 Container episode-4-outbox-redis-1 Creating 
 Container episode-4-outbox-redis-1 Created 
 Container episode-4-outbox-postgres-1 Created 
 Container episode-4-outbox-processor-1 Creating 
 Container episode-4-outbox-relay-1 Creating 
 Container episode-4-outbox-orders-1 Creating 
 Container episode-4-outbox-orders-1 Created 
 Container episode-4-outbox-processor-1 Created 
 Container episode-4-outbox-app-1 Creating 
 Container episode-4-outbox-relay-1 Created 
 Container episode-4-outbox-app-1 Created 
 Container episode-4-outbox-worker-2-1 Creating 
 Container episode-4-outbox-worker-1-1 Creating 
 Container episode-4-outbox-worker-1-1 Created 
 Container episode-4-outbox-worker-2-1 Created 
 Container episode-4-outbox-redis-1 Starting 
 Container episode-4-outbox-postgres-1 Starting 
 Container episode-4-outbox-redis-1 Started 
 Container episode-4-outbox-postgres-1 Started 
 Container episode-4-outbox-postgres-1 Waiting 
 Container episode-4-outbox-redis-1 Waiting 
 Container episode-4-outbox-redis-1 Waiting 
 Container episode-4-outbox-postgres-1 Waiting 
 Container episode-4-outbox-postgres-1 Waiting 
 Container episode-4-outbox-postgres-1 Healthy 
 Container episode-4-outbox-processor-1 Starting 
 Container episode-4-outbox-redis-1 Healthy 
 Container episode-4-outbox-postgres-1 Healthy 
 Container episode-4-outbox-orders-1 Starting 
 Container episode-4-outbox-redis-1 Healthy 
 Container episode-4-outbox-postgres-1 Healthy 
 Container episode-4-outbox-relay-1 Starting 
 Container episode-4-outbox-processor-1 Started 
 Container episode-4-outbox-postgres-1 Waiting 
 Container episode-4-outbox-orders-1 Started 
 Container episode-4-outbox-relay-1 Started 
 Container episode-4-outbox-postgres-1 Healthy 
 Container episode-4-outbox-app-1 Starting 
 Container episode-4-outbox-app-1 Started 
 Container episode-4-outbox-postgres-1 Waiting 
 Container episode-4-outbox-redis-1 Waiting 
 Container episode-4-outbox-redis-1 Waiting 
 Container episode-4-outbox-postgres-1 Waiting 
 Container episode-4-outbox-redis-1 Healthy 
 Container episode-4-outbox-redis-1 Healthy 
 Container episode-4-outbox-postgres-1 Healthy 
 Container episode-4-outbox-worker-1-1 Starting 
 Container episode-4-outbox-postgres-1 Healthy 
 Container episode-4-outbox-worker-2-1 Starting 
 Container episode-4-outbox-worker-1-1 Started 
 Container episode-4-outbox-worker-2-1 Started 
processor latency = LATENCY_BASE_MS + (customer_id * 137) % LATENCY_SPREAD_MS
1200 2400 
app idempotency mode = {"ok":true,"mode":"claim"}
producer = {"ok":true,"mode":"outbox","crash_every":0}
worker defaults = after 15000 1 5 1 1 
SETUP orders_in_fleet=12 crash_every=4 expected_kills=3 relay_crashes=3
