-- worker-1 worker-2 up  (ack=after visibility=15000ms heartbeat=1 max_deliveries=5 key=1)
-- relay up  (crash_after_publish=0 poll=200ms)
-- orders up  (publish_mode=publish_first crash_every=4)
-- twelve orders, one at a time. The producer dies on every 4th.
  seq=1   customer 1   200  order=1  key=k_7217ea4b77e3  1788436288337-0
  seq=2   customer 2   200  order=2  key=k_d11f7c74f871  1788436288346-0
  seq=3   customer 3   200  order=3  key=k_3b02675e8de4  1788436288351-0
  seq=4   customer 4   ---  NO RESPONSE (RemoteDisconnected) — the process died with this request in it
  seq=5   customer 5   200  order=4  key=k_0e10589460aa  1788436288873-0
  seq=6   customer 6   200  order=5  key=k_cd4e6f55f0a0  1788436288876-0
  seq=7   customer 7   200  order=6  key=k_25b9cd5b2240  1788436288878-0
  seq=8   customer 8   ---  NO RESPONSE (RemoteDisconnected) — the process died with this request in it
  seq=9   customer 9   200  order=7  key=k_984401e21b6d  1788436289397-0
  seq=10  customer 10  200  order=8  key=k_c8c63c161361  1788436289400-0
  seq=11  customer 11  200  order=9  key=k_2c706054a515  1788436289403-0
  seq=12  customer 12  ---  NO RESPONSE (RemoteDisconnected) — the process died with this request in it
PLACED label=publish_first orders_sent=12 accepted=9 no_response=3 owed_cents=48000 amount_cents=4000

-- publish_first
   orders committed           9
   events on the stream      12   (12 distinct keys)
   events lost                0   <- committed, never published
   phantom events             3   <- published, never committed
   duplicate publishes        0   <- one intent, two message ids
   outbox rows                0   (0 unsent, 0 published more than once)
   charges                   12
   owed  $    360.00
   taken $    480.00
   -- money moved for orders that are not in the database
      key=k_d694560e734b  message=1788436288353-0
      key=k_a36de716f6a3  message=1788436288880-0
      key=k_0024d365e974  message=1788436289405-0
RECONCILE publish_first orders=9 events=12 distinct_keys=12 events_lost=0 phantom_events=3 duplicate_publishes=0 outbox_rows=0 outbox_unsent=0 outbox_published_twice=0 charges=12 owed_cents=36000 collected_cents=48000

-- the producer's own log, at the moment it stopped existing
[orders] mode=publish_first crash_every=4
[orders] seq=4 customer=4 *** KILLED after publish, before COMMIT ***
[orders] mode=publish_first crash_every=4
[orders] seq=8 customer=8 *** KILLED after publish, before COMMIT ***
[orders] mode=publish_first crash_every=4
[orders] seq=12 customer=12 *** KILLED after publish, before COMMIT ***
[orders] mode=publish_first crash_every=4
RESULT publish_first orders_placed=12 deliveries=12 messages_delivered=12 replays=0 failed_runs=0 app_charges=12 double_charged_customers=0 duplicate_charges=0
