-- worker-1 worker-2 up  (ack=after visibility=15000ms heartbeat=1 max_deliveries=5 key=0)
-- orders up  (publish_mode=outbox crash_every=0)
-- twelve orders, no kills in the producer at all.
  seq=1   customer 1   200  order=1  key=k_f81f0a4cbe33  outbox=1
  seq=2   customer 2   200  order=2  key=k_d463272931ad  outbox=2
  seq=3   customer 3   200  order=3  key=k_ce5da7f65c84  outbox=3
  seq=4   customer 4   200  order=4  key=k_3713ad82f3ae  outbox=4
  seq=5   customer 5   200  order=5  key=k_a1ebadc85665  outbox=5
  seq=6   customer 6   200  order=6  key=k_6ecc9c0c304c  outbox=6
  seq=7   customer 7   200  order=7  key=k_51726169ea8c  outbox=7
  seq=8   customer 8   200  order=8  key=k_5ac97791a90e  outbox=8
  seq=9   customer 9   200  order=9  key=k_bc508f8eb165  outbox=9
  seq=10  customer 10  200  order=10  key=k_44da3d22dede  outbox=10
  seq=11  customer 11  200  order=11  key=k_d34304606316  outbox=11
  seq=12  customer 12  200  order=12  key=k_9e3465b25df3  outbox=12
PLACED label=relay_crash orders_sent=12 accepted=12 no_response=0 owed_cents=48000 amount_cents=4000
-- now start the relay, which dies 3 times after publishing and
   before marking the row sent.
-- relay up  (crash_after_publish=3 poll=200ms)

-- relay_crash
   orders committed          12
   events on the stream      15   (12 distinct keys)
   events lost                0   <- committed, never published
   phantom events             0   <- published, never committed
   duplicate publishes        3   <- one intent, two message ids
   outbox rows               12   (0 unsent, 3 published more than once)
   charges                   15
   owed  $    480.00
   taken $    600.00
   -- one order, published more than once
      seq=1   customer 1   key=k_f81f0a4cbe33  messages=1788436339027-0 + 1788436339258-0
      seq=2   customer 2   key=k_d463272931ad  messages=1788436339259-0 + 1788436339604-0
      seq=3   customer 3   key=k_ce5da7f65c84  messages=1788436339605-0 + 1788436340173-0
RECONCILE relay_crash orders=12 events=15 distinct_keys=12 events_lost=0 phantom_events=0 duplicate_publishes=3 outbox_rows=12 outbox_unsent=0 outbox_published_twice=3 charges=15 owed_cents=48000 collected_cents=60000

-- the rows the relay published twice
 id | order_id | publish_attempts |   message_id    
----+----------+------------------+-----------------
  1 |        1 |                2 | 1788436339258-0
  2 |        2 |                2 | 1788436339604-0
  3 |        3 |                2 | 1788436340173-0
(3 rows)

-- what the consumer did with the second copy
 seq | customer_id | deliveries |       outcomes       
-----+-------------+------------+----------------------
   1 |           1 |          2 | charged then charged
   2 |           2 |          2 | charged then charged
   3 |           3 |          2 | charged then charged
(3 rows)

RESULT relay_crash orders_placed=12 deliveries=15 messages_delivered=15 replays=0 failed_runs=0 app_charges=15 double_charged_customers=3 duplicate_charges=3
