-- worker-1 worker-2 up  (ack=after visibility=15000ms heartbeat=1 max_deliveries=5 key=1)
-- orders up  (publish_mode=outbox crash_every=0)
-- twelve orders, no kills in the producer at all.
  seq=1   customer 1   200  order=1  key=k_efed0395701d  outbox=1
  seq=2   customer 2   200  order=2  key=k_57b0110e5e5b  outbox=2
  seq=3   customer 3   200  order=3  key=k_d3179a87b140  outbox=3
  seq=4   customer 4   200  order=4  key=k_63940241a868  outbox=4
  seq=5   customer 5   200  order=5  key=k_71213f918ef1  outbox=5
  seq=6   customer 6   200  order=6  key=k_2de48229ef9f  outbox=6
  seq=7   customer 7   200  order=7  key=k_3a813a50da22  outbox=7
  seq=8   customer 8   200  order=8  key=k_e7eb8ccb0272  outbox=8
  seq=9   customer 9   200  order=9  key=k_867867634e69  outbox=9
  seq=10  customer 10  200  order=10  key=k_ac5da67a2ff7  outbox=10
  seq=11  customer 11  200  order=11  key=k_2f59e316c173  outbox=11
  seq=12  customer 12  200  order=12  key=k_dd24b5a5c739  outbox=12
PLACED label=relay_crash_keyed orders_sent=12 accepted=12 no_response=0 owed_cents=48000 amount_cents=4000
-- now start the relay, which dies 3 times after publishing and
   before marking the row sent.
-- relay up  (crash_after_publish=3 poll=200ms)

-- relay_crash_keyed
   orders committed          12
   events on the stream      15   (12 distinct keys)
   events lost                0   <- committed, never published
   phantom events             0   <- published, never committed
   duplicate publishes        3   <- one intent, two message ids
   outbox rows               12   (0 unsent, 3 published more than once)
   charges                   12
   owed  $    480.00
   taken $    480.00
   -- one order, published more than once
      seq=1   customer 1   key=k_efed0395701d  messages=1788436366875-0 + 1788436367105-0
      seq=2   customer 2   key=k_57b0110e5e5b  messages=1788436367106-0 + 1788436367426-0
      seq=3   customer 3   key=k_d3179a87b140  messages=1788436367427-0 + 1788436367993-0
RECONCILE relay_crash_keyed orders=12 events=15 distinct_keys=12 events_lost=0 phantom_events=0 duplicate_publishes=3 outbox_rows=12 outbox_unsent=0 outbox_published_twice=3 charges=12 owed_cents=48000 collected_cents=48000

-- the rows the relay published twice
 id | order_id | publish_attempts |   message_id    
----+----------+------------------+-----------------
  1 |        1 |                2 | 1788436367105-0
  2 |        2 |                2 | 1788436367426-0
  3 |        3 |                2 | 1788436367993-0
(3 rows)

-- what the consumer did with the second copy
 seq | customer_id | deliveries |       outcomes        
-----+-------------+------------+-----------------------
   1 |           1 |          2 | charged then replayed
   2 |           2 |          2 | charged then replayed
   3 |           3 |          2 | charged then replayed
(3 rows)

RESULT relay_crash_keyed orders_placed=12 deliveries=15 messages_delivered=15 replays=3 failed_runs=0 app_charges=12 double_charged_customers=0 duplicate_charges=0
