  t=+ 1.46s  customer 18  attempt 1  OK in 1.46s  -> ch_7bbac2b0ecd64cc8
  t=+ 1.52s  customer 1   attempt 1  OK in 1.52s  -> ch_25751f3fae6a4a1a
  t=+ 1.53s  customer 19  attempt 1  OK in 1.53s  -> ch_2c5406f436564e05
  t=+ 1.67s  customer 2   attempt 1  OK in 1.67s  -> ch_976a607b2e8a4f51
  t=+ 1.74s  customer 20  attempt 1  OK in 1.73s  -> ch_b8e3d436b1674ba2
  t=+ 1.80s  customer 3   attempt 1  OK in 1.80s  -> ch_40e6fbc0e81b419c
  t=+ 1.84s  customer 21  attempt 1  OK in 1.84s  -> ch_22fbd5266a7c4eed
  t=+ 1.94s  customer 4   attempt 1  OK in 1.94s  -> ch_b20b7ccad5ad48c1
  t=+ 2.01s  customer 22  attempt 1  OK in 2.00s  -> ch_7fecaef664f1476d
  t=+ 2.02s  customer 5   attempt 1  TIMEOUT after 2.02s  (TimeoutError)
  t=+ 3.93s  customer 5   attempt 2  OK in 1.92s  -> ch_fa73f20a38aa4c1c
  t=+ 2.02s  customer 23  attempt 1  TIMEOUT after 2.01s  (TimeoutError)
  t=+ 4.01s  customer 23  attempt 2  OK in 1.99s  -> ch_807b42e9b92e450a
  t=+ 2.02s  customer 10  attempt 1  TIMEOUT after 2.02s  (TimeoutError)
  t=+ 4.02s  customer 10  attempt 2  TIMEOUT after 2.00s  (TimeoutError)
  t=+ 4.02s  customer 10  FAILED  <- the customer is told the payment did not go through
  t=+ 2.02s  customer 6   attempt 1  TIMEOUT after 2.02s  (TimeoutError)
  t=+ 4.02s  customer 6   attempt 2  TIMEOUT after 2.00s  (TimeoutError)
  t=+ 4.02s  customer 6   FAILED  <- the customer is told the payment did not go through
  t=+ 2.02s  customer 24  attempt 1  TIMEOUT after 2.02s  (TimeoutError)
  t=+ 4.02s  customer 24  attempt 2  TIMEOUT after 2.00s  (TimeoutError)
  t=+ 4.02s  customer 24  FAILED  <- the customer is told the payment did not go through
  t=+ 2.02s  customer 8   attempt 1  TIMEOUT after 2.02s  (TimeoutError)
  t=+ 4.02s  customer 8   attempt 2  TIMEOUT after 2.00s  (TimeoutError)
  t=+ 4.02s  customer 8   FAILED  <- the customer is told the payment did not go through
  t=+ 2.02s  customer 16  attempt 1  TIMEOUT after 2.02s  (TimeoutError)
  t=+ 4.02s  customer 16  attempt 2  TIMEOUT after 2.00s  (TimeoutError)
  t=+ 4.02s  customer 16  FAILED  <- the customer is told the payment did not go through
  t=+ 2.02s  customer 11  attempt 1  TIMEOUT after 2.02s  (TimeoutError)
  t=+ 4.02s  customer 11  attempt 2  TIMEOUT after 2.00s  (TimeoutError)
  t=+ 4.02s  customer 11  FAILED  <- the customer is told the payment did not go through
  t=+ 2.02s  customer 25  attempt 1  TIMEOUT after 2.02s  (TimeoutError)
  t=+ 4.02s  customer 25  attempt 2  TIMEOUT after 2.00s  (TimeoutError)
  t=+ 4.02s  customer 25  FAILED  <- the customer is told the payment did not go through
  t=+ 2.02s  customer 13  attempt 1  TIMEOUT after 2.02s  (TimeoutError)
  t=+ 4.02s  customer 13  attempt 2  TIMEOUT after 2.00s  (TimeoutError)
  t=+ 4.02s  customer 13  FAILED  <- the customer is told the payment did not go through
  t=+ 2.02s  customer 14  attempt 1  TIMEOUT after 2.02s  (TimeoutError)
  t=+ 4.02s  customer 14  attempt 2  TIMEOUT after 2.00s  (TimeoutError)
  t=+ 4.02s  customer 14  FAILED  <- the customer is told the payment did not go through
  t=+ 2.02s  customer 12  attempt 1  TIMEOUT after 2.02s  (TimeoutError)
  t=+ 4.02s  customer 12  attempt 2  TIMEOUT after 2.00s  (TimeoutError)
  t=+ 4.02s  customer 12  FAILED  <- the customer is told the payment did not go through
  t=+ 2.02s  customer 15  attempt 1  TIMEOUT after 2.02s  (TimeoutError)
  t=+ 4.02s  customer 15  attempt 2  TIMEOUT after 2.00s  (TimeoutError)
  t=+ 4.02s  customer 15  FAILED  <- the customer is told the payment did not go through
  t=+ 2.02s  customer 17  attempt 1  TIMEOUT after 2.02s  (TimeoutError)
  t=+ 4.02s  customer 17  attempt 2  TIMEOUT after 2.00s  (TimeoutError)
  t=+ 4.02s  customer 17  FAILED  <- the customer is told the payment did not go through
  t=+ 2.02s  customer 9   attempt 1  TIMEOUT after 2.02s  (TimeoutError)
  t=+ 4.03s  customer 9   attempt 2  TIMEOUT after 2.01s  (TimeoutError)
  t=+ 4.03s  customer 9   FAILED  <- the customer is told the payment did not go through
  t=+ 2.02s  customer 7   attempt 1  TIMEOUT after 2.02s  (TimeoutError)
  t=+ 4.03s  customer 7   attempt 2  TIMEOUT after 2.01s  (TimeoutError)
  t=+ 4.03s  customer 7   FAILED  <- the customer is told the payment did not go through
DRIVER checkouts=25 requests=41 timeouts=30 conflict_polls=0 replays=0 server_errors=0 failed=14 owed_cents=100000 client_timeout_ms=2000 amount_cents=4000 concurrent=1
RESULT naive app_charges=41 app_cents=164000 processor_charges=41 collected_cents=164000 double_charged_customers=16 duplicate_charges=16 duplicated_keys=16
