-- app restarted in mode=claim ttl=86400s
  t=+ 1.44s  customer 18  attempt 1  OK in 1.43s  -> ch_e5f001074c0f45e0
  t=+ 1.57s  customer 1   attempt 1  OK in 1.57s  -> ch_f08d89dec66c4bda
  t=+ 1.63s  customer 19  attempt 1  OK in 1.63s  -> ch_e99487e0b2714ca7
  t=+ 1.71s  customer 2   attempt 1  OK in 1.71s  -> ch_ed87c9978b3b4ff6
  t=+ 1.77s  customer 20  attempt 1  OK in 1.77s  -> ch_7ea0b6ec27fd4237
  t=+ 1.84s  customer 3   attempt 1  OK in 1.83s  -> ch_7684dff135794532
  t=+ 1.91s  customer 21  attempt 1  OK in 1.91s  -> ch_564694a681774b44
  t=+ 1.98s  customer 4   attempt 1  OK in 1.98s  -> ch_12436a2a075b4480
  t=+ 2.02s  customer 10  attempt 1  TIMEOUT after 2.02s  (TimeoutError)
  t=+ 2.03s  customer 10  attempt 2  409 IN FLIGHT  (the first request with this key is still running)
  t=+ 3.04s  customer 10  attempt 2  OK in 0.01s  -> ch_4f2ee7d274594a4f  (REPLAYED)
  t=+ 2.02s  customer 11  attempt 1  TIMEOUT after 2.02s  (TimeoutError)
  t=+ 2.03s  customer 11  attempt 2  409 IN FLIGHT  (the first request with this key is still running)
  t=+ 3.05s  customer 11  attempt 2  OK in 0.01s  -> ch_fed2cf57af7a4d9f  (REPLAYED)
  t=+ 2.02s  customer 25  attempt 1  TIMEOUT after 2.02s  (TimeoutError)
  t=+ 2.03s  customer 25  attempt 2  409 IN FLIGHT  (the first request with this key is still running)
  t=+ 3.05s  customer 25  attempt 2  OK in 0.01s  -> ch_9c15078276894911  (REPLAYED)
  t=+ 2.02s  customer 8   attempt 1  TIMEOUT after 2.02s  (TimeoutError)
  t=+ 2.03s  customer 8   attempt 2  409 IN FLIGHT  (the first request with this key is still running)
  t=+ 3.05s  customer 8   attempt 2  OK in 0.01s  -> ch_de975f631e2648c8  (REPLAYED)
  t=+ 2.02s  customer 5   attempt 1  TIMEOUT after 2.02s  (TimeoutError)
  t=+ 2.03s  customer 5   attempt 2  409 IN FLIGHT  (the first request with this key is still running)
  t=+ 3.05s  customer 5   attempt 2  OK in 0.01s  -> ch_c04f540cdde443c0  (REPLAYED)
  t=+ 2.02s  customer 7   attempt 1  TIMEOUT after 2.02s  (TimeoutError)
  t=+ 2.03s  customer 7   attempt 2  409 IN FLIGHT  (the first request with this key is still running)
  t=+ 3.05s  customer 7   attempt 2  OK in 0.01s  -> ch_065317cbf2864dc1  (REPLAYED)
  t=+ 2.02s  customer 24  attempt 1  TIMEOUT after 2.02s  (TimeoutError)
  t=+ 2.03s  customer 24  attempt 2  409 IN FLIGHT  (the first request with this key is still running)
  t=+ 3.05s  customer 24  attempt 2  OK in 0.01s  -> ch_26f4dc4bf1be4779  (REPLAYED)
  t=+ 2.02s  customer 6   attempt 1  TIMEOUT after 2.02s  (TimeoutError)
  t=+ 2.03s  customer 6   attempt 2  409 IN FLIGHT  (the first request with this key is still running)
  t=+ 3.05s  customer 6   attempt 2  OK in 0.01s  -> ch_998af8b8d3394399  (REPLAYED)
  t=+ 2.02s  customer 9   attempt 1  TIMEOUT after 2.02s  (TimeoutError)
  t=+ 2.03s  customer 9   attempt 2  409 IN FLIGHT  (the first request with this key is still running)
  t=+ 3.05s  customer 9   attempt 2  OK in 0.01s  -> ch_0d95f356855d4c9e  (REPLAYED)
  t=+ 2.02s  customer 22  attempt 1  TIMEOUT after 2.02s  (TimeoutError)
  t=+ 2.03s  customer 22  attempt 2  409 IN FLIGHT  (the first request with this key is still running)
  t=+ 3.05s  customer 22  attempt 2  OK in 0.01s  -> ch_cf4565381ebd4fa5  (REPLAYED)
  t=+ 2.02s  customer 23  attempt 1  TIMEOUT after 2.02s  (TimeoutError)
  t=+ 2.03s  customer 23  attempt 2  409 IN FLIGHT  (the first request with this key is still running)
  t=+ 3.05s  customer 23  attempt 2  OK in 0.01s  -> ch_5edb3481bd5e41ce  (REPLAYED)
  t=+ 2.02s  customer 12  attempt 1  TIMEOUT after 2.02s  (TimeoutError)
  t=+ 2.03s  customer 12  attempt 2  409 IN FLIGHT  (the first request with this key is still running)
  t=+ 3.05s  customer 12  attempt 2  409 IN FLIGHT  (the first request with this key is still running)
  t=+ 4.06s  customer 12  attempt 2  OK in 0.01s  -> ch_9d2de8c35ffc480b  (REPLAYED)
  t=+ 2.02s  customer 13  attempt 1  TIMEOUT after 2.02s  (TimeoutError)
  t=+ 2.03s  customer 13  attempt 2  409 IN FLIGHT  (the first request with this key is still running)
  t=+ 3.05s  customer 13  attempt 2  409 IN FLIGHT  (the first request with this key is still running)
  t=+ 4.06s  customer 13  attempt 2  OK in 0.01s  -> ch_95fae6b76fb84e35  (REPLAYED)
  t=+ 2.02s  customer 14  attempt 1  TIMEOUT after 2.02s  (TimeoutError)
  t=+ 2.03s  customer 14  attempt 2  409 IN FLIGHT  (the first request with this key is still running)
  t=+ 3.05s  customer 14  attempt 2  409 IN FLIGHT  (the first request with this key is still running)
  t=+ 4.06s  customer 14  attempt 2  OK in 0.01s  -> ch_a3c4a499839f4e19  (REPLAYED)
  t=+ 2.02s  customer 17  attempt 1  TIMEOUT after 2.02s  (TimeoutError)
  t=+ 2.03s  customer 17  attempt 2  409 IN FLIGHT  (the first request with this key is still running)
  t=+ 3.05s  customer 17  attempt 2  409 IN FLIGHT  (the first request with this key is still running)
  t=+ 4.06s  customer 17  attempt 2  OK in 0.01s  -> ch_0a5256a6192f4b4c  (REPLAYED)
  t=+ 2.02s  customer 15  attempt 1  TIMEOUT after 2.02s  (TimeoutError)
  t=+ 2.03s  customer 15  attempt 2  409 IN FLIGHT  (the first request with this key is still running)
  t=+ 3.05s  customer 15  attempt 2  409 IN FLIGHT  (the first request with this key is still running)
  t=+ 4.06s  customer 15  attempt 2  OK in 0.01s  -> ch_0c7af5d6a02247be  (REPLAYED)
  t=+ 2.02s  customer 16  attempt 1  TIMEOUT after 2.02s  (TimeoutError)
  t=+ 2.03s  customer 16  attempt 2  409 IN FLIGHT  (the first request with this key is still running)
  t=+ 3.05s  customer 16  attempt 2  409 IN FLIGHT  (the first request with this key is still running)
  t=+ 4.06s  customer 16  attempt 2  OK in 0.01s  -> ch_b8b63d4c51c447f6  (REPLAYED)
DRIVER checkouts=25 requests=65 timeouts=17 conflict_polls=23 replays=17 server_errors=0 failed=0 owed_cents=100000 client_timeout_ms=2000 amount_cents=4000 concurrent=1
RESULT claim app_charges=25 app_cents=100000 processor_charges=25 collected_cents=100000 double_charged_customers=0 duplicate_charges=0 duplicated_keys=0
