-- worker-1 worker-2 up  (ack=after visibility=2000ms heartbeat=1 max_deliveries=0 key=0 batch=1)
  XADD seq=1   1788373911124-0  customer 1  key=k_6c6f7b41fd29
  XADD seq=2   1788373911125-0  customer 2  key=k_aa75b5018946
  XADD seq=3   1788373911125-1  customer 3  key=k_50ca7eff3fda
  XADD seq=4   1788373911125-2  customer 4  key=k_409e18601095
  XADD seq=5   1788373911125-3  customer 5  key=k_b62accd7e6fe
  XADD seq=6   1788373911125-4  customer 6  key=k_6ae4d9edf545
  XADD seq=7   1788373911125-5  customer 7  key=k_9cfd634295ac
  XADD seq=8   1788373911126-0  customer 8  key=k_b0c20f406d12
  XADD seq=9   1788373911126-1  customer 9  key=k_1ed8a790146f
  XADD seq=10  1788373911126-2  customer 10  key=k_64f1667e9979
  XADD seq=11  1788373911126-3  customer 11  key=k_c22751654d23
  XADD seq=12  1788373911126-4  customer 12  key=k_edeb5046e03a
  XADD seq=13  1788373911126-5  customer 13  key=k_c90d58d83a83
  XADD seq=14  1788373911127-0  customer 14  key=k_83289f66d1c7
  XADD seq=15  1788373911127-1  customer 15  key=k_41bab2ad3fcc
  XADD seq=16  1788373911127-2  customer 16  key=k_303093cac224
  XADD seq=17  1788373911127-3  customer 17  key=k_b4ac3c4e60ca
  XADD seq=18  1788373911127-4  customer 18  key=k_a68ba27ef3ec
  XADD seq=19  1788373911127-5  customer 19  key=k_6b276613078f
  XADD seq=20  1788373911127-6  customer 20  key=k_adc38bc9cf07
  XADD seq=21  1788373911128-0  customer 21  key=k_8929d9869179
  XADD seq=22  1788373911128-1  customer 22  key=k_7f6db4639236
  XADD seq=23  1788373911128-2  customer 23  key=k_fd5ed6ad97ca
  XADD seq=24  1788373911128-3  customer 24  key=k_228e59b5532b
  XADD seq=25  1788373911128-4  customer 25  key=k_9c78c53093df
ENQUEUED label=heartbeat messages=25 payable=25 poison=0 owed_cents=100000 amount_cents=4000
-- heartbeat-finished
   stream length      25   (a log: acknowledging does not shorten it)
   never delivered    0   <- work waiting
   pending            0   <- delivered, not acknowledged
   consumers          2
   dead-letter depth  0
QUEUE heartbeat-finished length=25 lag=0 pending=0 dlq=0 consumers=2
-- lease extensions the workers had to send to keep their own jobs
EXTENSIONS count=43
RESULT heartbeat messages_enqueued=25 app_charges=25 app_cents=100000 processor_charges=25 collected_cents=100000 double_charged_customers=0 duplicate_charges=0 deliveries=25 messages_delivered=25 jobs_run_twice=0 redeliveries=0 jobs_never_attempted=0 unfinished_runs=0 replays=0 failed_runs=0
