[worker-2] ack=before visibility_timeout=2000ms heartbeat=0 max_deliveries=0 idempotent_consumer=0 batch=5
[worker-1] created consumer group payments on checkouts
[worker-1] ack=after visibility_timeout=2000ms heartbeat=0 max_deliveries=0 idempotent_consumer=0 batch=1
[worker-1] NEW    1788373993937-0 seq=1 customer=0 delivery=1
[worker-1] FAILED  1788373993937-0 seq=1 delivery=1 left pending (ValueError: amount_cents=-1 is not a payment)
[worker-1] CLAIM  1788373993937-0 seq=1 customer=0 delivery=2  (idle > 2000 ms)
[worker-1] FAILED  1788373993937-0 seq=1 delivery=2 left pending (ValueError: amount_cents=-1 is not a payment)
[worker-1] CLAIM  1788373993937-0 seq=1 customer=0 delivery=3  (idle > 2000 ms)
[worker-1] FAILED  1788373993937-0 seq=1 delivery=3 left pending (ValueError: amount_cents=-1 is not a payment)
[worker-1] CLAIM  1788373993937-0 seq=1 customer=0 delivery=4  (idle > 2000 ms)
[worker-1] FAILED  1788373993937-0 seq=1 delivery=4 left pending (ValueError: amount_cents=-1 is not a payment)
[worker-1] CLAIM  1788373993937-0 seq=1 customer=0 delivery=5  (idle > 2000 ms)
[worker-1] FAILED  1788373993937-0 seq=1 delivery=5 left pending (ValueError: amount_cents=-1 is not a payment)
[worker-1] CLAIM  1788373993937-0 seq=1 customer=0 delivery=6  (idle > 2000 ms)
[worker-1] FAILED  1788373993937-0 seq=1 delivery=6 left pending (ValueError: amount_cents=-1 is not a payment)
[worker-1] CLAIM  1788373993937-0 seq=1 customer=0 delivery=7  (idle > 2000 ms)
[worker-1] FAILED  1788373993937-0 seq=1 delivery=7 left pending (ValueError: amount_cents=-1 is not a payment)
[worker-1] CLAIM  1788373993937-0 seq=1 customer=0 delivery=8  (idle > 2000 ms)
[worker-1] FAILED  1788373993937-0 seq=1 delivery=8 left pending (ValueError: amount_cents=-1 is not a payment)
[worker-1] CLAIM  1788373993937-0 seq=1 customer=0 delivery=9  (idle > 2000 ms)
[worker-1] FAILED  1788373993937-0 seq=1 delivery=9 left pending (ValueError: amount_cents=-1 is not a payment)
[worker-1] CLAIM  1788373993937-0 seq=1 customer=0 delivery=10  (idle > 2000 ms)
[worker-1] FAILED  1788373993937-0 seq=1 delivery=10 left pending (ValueError: amount_cents=-1 is not a payment)
[worker-1] CLAIM  1788373993937-0 seq=1 customer=0 delivery=11  (idle > 2000 ms)
[worker-1] FAILED  1788373993937-0 seq=1 delivery=11 left pending (ValueError: amount_cents=-1 is not a payment)
[worker-1] CLAIM  1788373993937-0 seq=1 customer=0 delivery=12  (idle > 2000 ms)
[worker-1] FAILED  1788373993937-0 seq=1 delivery=12 left pending (ValueError: amount_cents=-1 is not a payment)
[worker-1] CLAIM  1788373993937-0 seq=1 customer=0 delivery=13  (idle > 2000 ms)
[worker-1] FAILED  1788373993937-0 seq=1 delivery=13 left pending (ValueError: amount_cents=-1 is not a payment)
[worker-1] CLAIM  1788373993937-0 seq=1 customer=0 delivery=14  (idle > 2000 ms)
[worker-1] FAILED  1788373993937-0 seq=1 delivery=14 left pending (ValueError: amount_cents=-1 is not a payment)
[worker-1] CLAIM  1788373993937-0 seq=1 customer=0 delivery=15  (idle > 2000 ms)
[worker-1] FAILED  1788373993937-0 seq=1 delivery=15 left pending (ValueError: amount_cents=-1 is not a payment)
[worker-1] CLAIM  1788373993937-0 seq=1 customer=0 delivery=16  (idle > 2000 ms)
[worker-1] FAILED  1788373993937-0 seq=1 delivery=16 left pending (ValueError: amount_cents=-1 is not a payment)
