[worker-2] ack=before visibility_timeout=2000ms heartbeat=0 max_deliveries=0 idempotent_consumer=0 batch=5
[worker-1] created consumer group payments on checkouts
[worker-1] ack=after visibility_timeout=15000ms heartbeat=0 max_deliveries=0 idempotent_consumer=0 batch=1
[worker-1] NEW    1788374062799-0 seq=1 customer=18 delivery=1
[worker-1] CHARGED 1788374062799-0 seq=1 customer=18 ch_89af6f2a9ba5445b in 1.29s
[worker-1] NEW    1788374062799-1 seq=2 customer=19 delivery=1
[worker-1] CHARGED 1788374062799-1 seq=2 customer=19 ch_b15f0ae9aca74c22 in 1.42s
[worker-1] NEW    1788374062800-0 seq=3 customer=20 delivery=1
[worker-1] CHARGED 1788374062800-0 seq=3 customer=20 ch_e5cfbe0bdb344005 in 1.56s
[worker-1] NEW    1788374062800-1 seq=4 customer=21 delivery=1
[worker-1] CHARGED 1788374062800-1 seq=4 customer=21 ch_a1b2697455f74ac6 in 1.70s
[worker-1] NEW    1788374062800-2 seq=5 customer=22 delivery=1
[worker-1] FAILED  1788374062800-2 seq=5 delivery=1 left pending (RuntimeError: transient failure on delivery 1)
[worker-1] NEW    1788374062800-3 seq=6 customer=23 delivery=1
[worker-1] CHARGED 1788374062800-3 seq=6 customer=23 ch_57a72e8098a94779 in 1.97s
[worker-1] NEW    1788374062800-4 seq=7 customer=1 delivery=1
[worker-1] CHARGED 1788374062800-4 seq=7 customer=1 ch_f23d26eff9fa4051 in 1.36s
[worker-1] NEW    1788374062801-0 seq=8 customer=2 delivery=1
[worker-1] CHARGED 1788374062801-0 seq=8 customer=2 ch_0159bf02a9414ca2 in 1.48s
[worker-1] NEW    1788374062801-1 seq=9 customer=3 delivery=1
[worker-1] CHARGED 1788374062801-1 seq=9 customer=3 ch_78809b1f974748fa in 1.62s
[worker-1] NEW    1788374062801-2 seq=10 customer=4 delivery=1
[worker-1] CHARGED 1788374062801-2 seq=10 customer=4 ch_90fe1d1bab6a4eca in 1.77s
[worker-1] CLAIM  1788374062800-2 seq=5 customer=22 delivery=2  (idle > 15000 ms)
[worker-1] CHARGED 1788374062800-2 seq=5 customer=22 ch_7bf573c22de64afc in 1.84s
