[worker-1] created consumer group payments on checkouts
[worker-1] ack=after visibility_timeout=2000ms heartbeat=0 max_deliveries=0 idempotent_consumer=1 batch=1
[worker-1] NEW    1788374096760-1 seq=2 customer=2 delivery=1
[worker-1] CHARGED 1788374096760-1 seq=2 customer=2 ch_a452b14b0e834953 in 1.50s
[worker-1] NEW    1788374096760-3 seq=4 customer=4 delivery=1
[worker-2] ack=after visibility_timeout=2000ms heartbeat=0 max_deliveries=0 idempotent_consumer=1 batch=1
[worker-2] NEW    1788374096760-0 seq=1 customer=1 delivery=1
[worker-2] CHARGED 1788374096760-0 seq=1 customer=1 ch_665782e851a4452f in 1.37s
[worker-2] NEW    1788374096760-2 seq=3 customer=3 delivery=1
[worker-2] CHARGED 1788374096760-2 seq=3 customer=3 ch_d555edf98d614766 in 1.63s
[worker-2] NEW    1788374096761-0 seq=5 customer=5 delivery=1
[worker-2] CHARGED 1788374096761-0 seq=5 customer=5 ch_4ef85007c70e4490 in 1.92s
[worker-2] NEW    1788374096761-2 seq=7 customer=7 delivery=1
[worker-2] CHARGED 1788374096761-2 seq=7 customer=7 ch_01dff1d097134c0a in 2.18s
[worker-2] NEW    1788374096761-4 seq=9 customer=9 delivery=1
[worker-2] CHARGED 1788374096761-4 seq=9 customer=9 ch_f5067826dff04f17 in 2.45s
[worker-2] NEW    1788374096762-1 seq=11 customer=11 delivery=1
[worker-2] CHARGED 1788374096762-1 seq=11 customer=11 ch_cc03e5bb4c0e4115 in 2.74s
[worker-2] CLAIM  1788374096762-2 seq=12 customer=12 delivery=2  (idle > 2000 ms)
[worker-2] REPLAYED 1788374096762-2 seq=12 customer=12 ch_a0dbf82413464348 in 1.02s
[worker-2] NEW    1788374096762-4 seq=14 customer=14 delivery=1
[worker-2] CHARGED 1788374096762-4 seq=14 customer=14 ch_40d9f88429754a79 in 3.14s
[worker-2] NEW    1788374096763-0 seq=15 customer=15 delivery=1
[worker-2] CHARGED 1788374096763-0 seq=15 customer=15 ch_868fd69141754db6 in 3.28s
[worker-2] CLAIM  1788374096763-1 seq=16 customer=16 delivery=2  (idle > 2000 ms)
[worker-2] REPLAYED 1788374096763-1 seq=16 customer=16 ch_22fd59adda434fa0 in 1.03s
[worker-2] NEW    1788374096763-3 seq=18 customer=18 delivery=1
[worker-1] CHARGED 1788374096760-3 seq=4 customer=4 ch_b56334bd99df42b2 in 1.77s
[worker-1] NEW    1788374096761-1 seq=6 customer=6 delivery=1
[worker-1] CHARGED 1788374096761-1 seq=6 customer=6 ch_35ae744b4c194b94 in 2.04s
[worker-2] CHARGED 1788374096763-3 seq=18 customer=18 ch_e23dfc312c284305 in 1.29s
[worker-2] NEW    1788374096763-4 seq=19 customer=19 delivery=1
[worker-2] CHARGED 1788374096763-4 seq=19 customer=19 ch_409d02b59fc142e8 in 1.43s
[worker-2] CLAIM  1788374096763-2 seq=17 customer=17 delivery=2  (idle > 2000 ms)
[worker-2] REPLAYED 1788374096763-2 seq=17 customer=17 ch_d118e73373e64bdb in 1.02s
[worker-2] NEW    1788374096763-6 seq=21 customer=21 delivery=1
[worker-1] NEW    1788374096761-3 seq=8 customer=8 delivery=1
[worker-1] CHARGED 1788374096761-3 seq=8 customer=8 ch_aa6a43ea17f54d3d in 2.31s
[worker-1] NEW    1788374096762-0 seq=10 customer=10 delivery=1
[worker-1] CHARGED 1788374096762-0 seq=10 customer=10 ch_262591b59e5c4a57 in 2.59s
[worker-1] NEW    1788374096762-2 seq=12 customer=12 delivery=1
[worker-1] CHARGED 1788374096762-2 seq=12 customer=12 ch_a0dbf82413464348 in 2.87s
[worker-1] NEW    1788374096762-3 seq=13 customer=13 delivery=1
[worker-1] CHARGED 1788374096762-3 seq=13 customer=13 ch_3813600484d849a8 in 3.00s
[worker-2] CHARGED 1788374096763-6 seq=21 customer=21 ch_b2ed30f29f344094 in 1.70s
[worker-2] NEW    1788374096764-1 seq=23 customer=23 delivery=1
[worker-2] CHARGED 1788374096764-1 seq=23 customer=23 ch_50bcf40a468e4fc3 in 1.98s
[worker-2] NEW    1788374096764-3 seq=25 customer=25 delivery=1
[worker-2] CHARGED 1788374096764-3 seq=25 customer=25 ch_ad6ae6b29d244f6b in 2.25s
[worker-1] CLAIM  1788374096762-4 seq=14 customer=14 delivery=2  (idle > 2000 ms)
[worker-1] REPLAYED 1788374096762-4 seq=14 customer=14 ch_40d9f88429754a79 in 1.01s
[worker-1] NEW    1788374096763-1 seq=16 customer=16 delivery=1
[worker-1] CHARGED 1788374096763-1 seq=16 customer=16 ch_22fd59adda434fa0 in 3.40s
[worker-1] NEW    1788374096763-2 seq=17 customer=17 delivery=1
[worker-1] CHARGED 1788374096763-2 seq=17 customer=17 ch_d118e73373e64bdb in 3.56s
[worker-1] NEW    1788374096763-5 seq=20 customer=20 delivery=1
[worker-1] CHARGED 1788374096763-5 seq=20 customer=20 ch_e692c853b8d5486f in 1.56s
[worker-1] NEW    1788374096764-0 seq=22 customer=22 delivery=1
[worker-1] CHARGED 1788374096764-0 seq=22 customer=22 ch_1469e2f8e5994d98 in 1.84s
[worker-1] NEW    1788374096764-2 seq=24 customer=24 delivery=1
[worker-1] CHARGED 1788374096764-2 seq=24 customer=24 ch_37e89ce27b704e8f in 2.10s
