 Image episode-1-duplicates-processor Building 
 Image episode-1-duplicates-app Building 
#1 [internal] load local bake definitions
#1 reading from stdin 1.19kB done
#1 DONE 0.0s

#2 [processor internal] load build definition from Dockerfile
#2 transferring dockerfile: 273B done
#2 DONE 0.0s

#3 [app internal] load build definition from Dockerfile
#3 transferring dockerfile: 277B done
#3 DONE 0.0s

#4 [app internal] load metadata for docker.io/library/python:3.12-slim
#4 DONE 0.7s

#5 [app internal] load .dockerignore
#5 transferring context: 2B done
#5 DONE 0.0s

#6 [processor internal] load .dockerignore
#6 transferring context: 2B done
#6 DONE 0.0s

#7 [processor 1/5] FROM docker.io/library/python:3.12-slim@sha256:09f7da3bc104798d0afb40bc08d23ab2da20a76130cec1f2ef170848f5d85217
#7 DONE 0.0s

#8 [processor internal] load build context
#8 transferring context: 64B done
#8 DONE 0.0s

#9 [app internal] load build context
#9 transferring context: 156B done
#9 DONE 0.0s

#10 [processor 4/5] RUN pip install --no-cache-dir -r requirements.txt
#10 CACHED

#11 [processor 3/5] COPY requirements.txt .
#11 CACHED

#12 [processor 5/5] COPY main.py .
#12 CACHED

#13 [app 2/5] WORKDIR /srv
#13 CACHED

#14 [app 4/5] RUN pip install --no-cache-dir -r requirements.txt
#14 CACHED

#15 [app 3/5] COPY requirements.txt .
#15 CACHED

#16 [app 5/5] COPY app ./app
#16 CACHED

#17 [processor] exporting to image
#17 exporting layers done
#17 writing image sha256:92747c4a64e32a2345ab6f2069ee8f7fdb7d422fb54f696c52d725bbb777cbce done
#17 naming to docker.io/library/episode-1-duplicates-processor done
#17 DONE 0.0s

#18 [app] exporting to image
#18 exporting layers done
#18 writing image sha256:17707183b4364e17997f0e306f45f864f8c319188a17014b6b5a732fb8b5f356 done
#18 naming to docker.io/library/episode-1-duplicates-app done
#18 DONE 0.0s

#19 [app] resolving provenance for metadata file
#19 DONE 0.0s

#20 [processor] resolving provenance for metadata file
#20 DONE 0.0s
 Image episode-1-duplicates-processor Built 
 Image episode-1-duplicates-app Built 
 Network episode-1-duplicates_default Creating 
 Network episode-1-duplicates_default Created 
 Volume episode-1-duplicates_pgdata Creating 
 Volume episode-1-duplicates_pgdata Created 
 Container episode-1-duplicates-postgres-1 Creating 
 Container episode-1-duplicates-postgres-1 Created 
 Container episode-1-duplicates-processor-1 Creating 
 Container episode-1-duplicates-processor-1 Created 
 Container episode-1-duplicates-app-1 Creating 
 Container episode-1-duplicates-app-1 Created 
 Container episode-1-duplicates-postgres-1 Starting 
 Container episode-1-duplicates-postgres-1 Started 
 Container episode-1-duplicates-postgres-1 Waiting 
 Container episode-1-duplicates-postgres-1 Healthy 
 Container episode-1-duplicates-processor-1 Starting 
 Container episode-1-duplicates-processor-1 Started 
 Container episode-1-duplicates-postgres-1 Waiting 
 Container episode-1-duplicates-postgres-1 Healthy 
 Container episode-1-duplicates-app-1 Starting 
 Container episode-1-duplicates-app-1 Started 
processor latency = LATENCY_BASE_MS + (customer_id * 137) % LATENCY_SPREAD_MS
1200 2400 
